2026-01-29 15:37:37,495 - INFO - Starting to organise directory:/Users/deepchandra/Documents/projects/bulk-file-organizer/test
2026-01-29 15:39:41,864 - INFO - Starting to organise directory:/Users/deepchandra/Documents/projects/bulk-file-organizer/test
2026-01-29 15:40:27,393 - INFO - Starting to organise directory:/Users/deepchandra/Documents/projects/bulk-file-organizer/test
2026-01-29 15:48:34,801 - INFO - Starting to organise directory:/Users/deepchandra/Documents/projects/bulk-file-organizer/test
2026-01-29 18:57:57,387 - INFO - Starting to organise directory:/Users/deepchandra/Documents/projects/bulk-file-organizer/test
2026-01-29 19:08:50,620 - INFO - Starting to organise directory:/Users/deepchandra/Documents/projects/bulk-file-organizer/test
2026-01-29 19:08:50,621 - INFO - Moved : '.DS_Store' -> Destination : '/Users/deepchandra/Documents/projects/bulk-file-organizer/test/Other/.DS_Store'
2026-01-29 19:08:50,621 - INFO - Moved : 'music.mp3' -> Destination : '/Users/deepchandra/Documents/projects/bulk-file-organizer/test/Audio/music.mp3'
2026-01-29 19:08:50,622 - INFO - Moved : 'report.pdf' -> Destination : '/Users/deepchandra/Documents/projects/bulk-file-organizer/test/Documents/report.pdf'
2026-01-29 19:08:50,623 - INFO - Moved : 'image.JPG' -> Destination : '/Users/deepchandra/Documents/projects/bulk-file-organizer/test/Other/image.JPG'
2026-01-29 19:09:46,812 - INFO - Starting to organise directory:/Users/deepchandra/Documents/projects/bulk-file-organizer/test
2026-01-29 19:09:46,814 - INFO - Moved : 'report.pdf' -> Destination : '/Users/deepchandra/Documents/projects/bulk-file-organizer/test/Documents/report.pdf'
2026-01-29 19:11:29,459 - INFO - Starting to organise directory:/Users/deepchandra/Documents/projects/bulk-file-organizer/test
2026-01-29 19:11:29,460 - INFO - Moved : '.DS_Store' -> Destination : '/Users/deepchandra/Documents/projects/bulk-file-organizer/test/Other/.DS_Store'
2026-01-29 19:11:29,461 - INFO - Moved : 'report.pdf' -> Destination : '/Users/deepchandra/Documents/projects/bulk-file-organizer/test/Documents/report.pdf'

2026-01-29 19:13:00,325 - INFO - Starting to organise directory:/Users/deepchandra/Documents/projects/bulk-file-organizer/test
2026-01-29 19:13:00,326 - INFO - Moved : 'music.mp3' -> Destination : '/Users/deepchandra/Documents/projects/bulk-file-organizer/test/Audio/music.mp3'
2026-01-29 19:52:06,935 - INFO - Starting to organise directory:/Users/deepchandra/Documents/projects/bulk-file-organizer/test
2026-01-29 19:52:06,938 - INFO - Moved : '.DS_Store' -> Destination : '/Users/deepchandra/Documents/projects/bulk-file-organizer/test/Other/.DS_Store'
2026-01-29 19:52:06,939 - INFO - Moved : 'report.pdf' -> Destination : '/Users/deepchandra/Documents/projects/bulk-file-organizer/test/Documents/report.pdf'
2026-01-29 19:52:14,223 - INFO - Starting to organise directory:/Users/deepchandra/Documents/projects/bulk-file-organizer/test
2026-01-29 19:52:31,577 - INFO - Starting to organise directory:/Users/deepchandra/Documents/projects/bulk-file-organizer/test
